// Jest Snapshot v1, https://goo.gl/fbAQLP

exports[`Button renders correctly 1`] = `
<Button
  onPress={[Function]}
  style={
    Object {
      "color": "#961687",
      "fontSize": 17,
      "padding": 7,
    }
  }
  title="Test Button"
  type="confirm"
>
  Test Button
</Button>
`;
