// Jest Snapshot v1, https://goo.gl/fbAQLP

exports[`AboutYou renders correctly 1`] = `
<Container
  innerContainerStyle={Object {}}
>
  <AboutYouForm
    navigation={
      Object {
        "navigate": [Function],
      }
    }
  />
</Container>
`;
