// Jest Snapshot v1, https://goo.gl/fbAQLP

exports[`AboutWhatHappened renders correctly 1`] = `
<Container
  innerContainerStyle={Object {}}
>
  <_class2
    navigation={
      Object {
        "navigate": [Function],
      }
    }
  />
</Container>
`;
